2026-10-03T20:54:26Z launcher armed; window 02:00-03:00 Europe/Amsterdam
2026-10-04T00:00:08Z window open
2026-10-04T00:00:08Z E045 START (pessimistic 1100s)
wandb: [wandb.login()] Loaded credentials for https://api.wandb.ai from WANDB_API_KEY.
{"status": "COMPLETE", "runtime_s": 1195.8, "peak_rss_gb": 5.38, "within_class": true}
wandb: sync of E045 failed (CommError); records unaffected
2026-10-04T00:21:52Z E045 END rc=0 status=COMPLETE
2026-10-04T00:21:52Z E045 no route reference (fitted component)
2026-10-04T00:21:52Z E045 committed
2026-10-04T00:21:55Z pushed
2026-10-04T00:21:55Z E046 START (pessimistic 60s)
wandb: [wandb.login()] Loaded credentials for https://api.wandb.ai from WANDB_API_KEY.
{"status": "COMPLETE", "runtime_s": 30.8, "peak_rss_gb": 3.348, "within_class": true}
wandb: sync of E046 failed (CommError); records unaffected
2026-10-04T00:24:12Z E046 END rc=0 status=COMPLETE
{"R1": [true, 168], "R2": [true, 115], "R3": [true, 52], "S1": [true, 337], "W1": [true, 58], "S1c": [true, 337], "W1c": [true, 58], "H": [true, 88]}
passes: True -> research/comparisons/route_check_E046.json
2026-10-04T00:24:15Z E046 route_check PASS against E033 and E045
2026-10-04T00:24:16Z E046 committed
2026-10-04T00:24:18Z pushed
2026-10-04T00:24:18Z E047 START (pessimistic 1100s)
wandb: [wandb.login()] Loaded credentials for https://api.wandb.ai from WANDB_API_KEY.
{"status": "COMPLETE", "runtime_s": 1338.5, "peak_rss_gb": 5.456, "within_class": true}
wandb: sync of E047 failed (CommError); records unaffected
2026-10-04T00:48:21Z E047 END rc=0 status=COMPLETE
2026-10-04T00:48:21Z E047 no route reference (fitted component)
2026-10-04T00:48:21Z E047 committed
2026-10-04T00:48:24Z pushed
2026-10-04T00:48:24Z E048 START (pessimistic 60s)
wandb: [wandb.login()] Loaded credentials for https://api.wandb.ai from WANDB_API_KEY.
{"status": "COMPLETE", "runtime_s": 15.6, "peak_rss_gb": 3.358, "within_class": true}
wandb: sync of E048 failed (CommError); records unaffected
2026-10-04T00:50:23Z E048 END rc=0 status=COMPLETE
{"R1": [true, 168], "R2": [true, 115], "R3": [true, 52], "S1": [true, 337], "W1": [true, 58], "S1c": [true, 337], "W1c": [true, 58], "H": [true, 88]}
passes: True -> research/comparisons/route_check_E048.json
2026-10-04T00:50:25Z E048 route_check PASS against E033 and E047
2026-10-04T00:50:26Z E048 committed
2026-10-04T00:50:28Z pushed
2026-10-04T00:50:28Z E049 DEFERRED: needs 600s, 572s left in window
2026-10-04T00:50:28Z E050 DEFERRED: component E049 not COMPLETE or not route-checked
2026-10-04T00:50:28Z queue done; window ends 03:00 Europe/Amsterdam
