2026-10-03T17:22:54Z launcher armed; window 21:00-22:00 Europe/Amsterdam
2026-10-03T19:00:05Z window open
2026-10-03T19:00:05Z E042 START (pessimistic 700s)
wandb: [wandb.login()] Loaded credentials for https://api.wandb.ai from WANDB_API_KEY.
{"status": "COMPLETE", "runtime_s": 279.7, "peak_rss_gb": 7.016, "within_class": true}
wandb: sync of E042 failed (CommError); records unaffected
2026-10-03T19:06:35Z E042 END rc=0 status=COMPLETE
2026-10-03T19:06:35Z E042 no route reference (cross-checked by a later run)
2026-10-03T19:06:36Z E042 committed
2026-10-03T19:06:38Z pushed
2026-10-03T19:06:38Z WARNING: tree not clean after E042 checkpoint:  M orchestration/task-ledger.jsonl 
2026-10-03T19:06:38Z E043 START (pessimistic 1100s)
wandb: [wandb.login()] Loaded credentials for https://api.wandb.ai from WANDB_API_KEY.
{"status": "COMPLETE", "runtime_s": 419.3, "peak_rss_gb": 7.689, "within_class": true}
wandb: sync of E043 failed (CommError); records unaffected
2026-10-03T19:15:17Z E043 END rc=0 status=COMPLETE
{"SUBMIT_JAN": [true, 107], "SUBMIT_JUL": [true, 276]}
passes: True -> research/comparisons/route_check_E043.json
2026-10-03T19:15:19Z E043 route_check PASS against E042
2026-10-03T19:15:19Z E043 committed
2026-10-03T19:15:21Z pushed
2026-10-03T19:15:21Z WARNING: tree not clean after E043 checkpoint:  M orchestration/task-ledger.jsonl 
2026-10-03T19:15:21Z E044 START (pessimistic 60s)
wandb: [wandb.login()] Loaded credentials for https://api.wandb.ai from WANDB_API_KEY.
{"status": "COMPLETE", "runtime_s": 11.2, "peak_rss_gb": 3.536, "within_class": true}
wandb: E044 -> https://wandb.ai/rvindra-tu-delft/PRC-Data-Challenge-2026/runs/E044
2026-10-03T19:15:40Z E044 END rc=0 status=COMPLETE
2026-10-03T19:15:40Z E044 no route reference (cross-checked by a later run)
2026-10-03T19:15:40Z E044 committed
2026-10-03T19:15:42Z pushed
2026-10-03T19:15:42Z WARNING: tree not clean after E044 checkpoint:  M orchestration/task-ledger.jsonl 
2026-10-03T19:15:43Z queue done; window ends 22:00 Europe/Amsterdam
