2026-10-02T18:14:13Z launcher armed; window 21:00-21:30 Europe/Amsterdam
2026-10-02T19:00:05Z window open
2026-10-02T19:00:05Z E035 START (pessimistic 60s)
wandb: [wandb.login()] Loaded credentials for https://api.wandb.ai from WANDB_API_KEY.
{"status": "COMPLETE", "runtime_s": 11.7, "peak_rss_gb": 3.374, "within_class": true}
wandb: E035 -> https://wandb.ai/rvindra-tu-delft/PRC-Data-Challenge-2026/runs/E035
2026-10-02T19:00:28Z E035 END rc=0 status=COMPLETE
{"R1": [true, 168], "R2": [true, 115], "R3": [true, 52], "S1": [true, 337], "W1": [true, 58], "S1c": [true, 337], "W1c": [true, 58], "H": [true, 88]}
passes: True -> research/comparisons/route_check_E035.json
2026-10-02T19:00:30Z E035 route_check PASS
2026-10-02T19:00:30Z E035 committed
2026-10-02T19:00:32Z pushed
2026-10-02T19:00:32Z E036 START (pessimistic 1000s)
wandb: [wandb.login()] Loaded credentials for https://api.wandb.ai from WANDB_API_KEY.
{"status": "COMPLETE", "runtime_s": 353.6, "peak_rss_gb": 6.732, "within_class": true}
wandb: sync of E036 failed (CommError); records unaffected
2026-10-02T19:08:14Z E036 END rc=0 status=COMPLETE
{"R1": [true, 168], "R2": [true, 115], "R3": [true, 52], "S1": [true, 337], "W1": [true, 58], "S1c": [true, 337], "W1c": [true, 58], "H": [true, 88]}
passes: True -> research/comparisons/route_check_E036.json
2026-10-02T19:08:16Z E036 route_check PASS
2026-10-02T19:08:16Z E036 committed
2026-10-02T19:08:18Z pushed
2026-10-02T19:08:18Z E037 START (pessimistic 60s)
wandb: [wandb.login()] Loaded credentials for https://api.wandb.ai from WANDB_API_KEY.
{"status": "COMPLETE", "runtime_s": 10.4, "peak_rss_gb": 3.397, "within_class": true}
wandb: sync of E037 failed (CommError); records unaffected
2026-10-02T19:10:14Z E037 END rc=0 status=COMPLETE
{"R1": [true, 168], "R2": [true, 115], "R3": [true, 52], "S1": [true, 337], "W1": [true, 58], "S1c": [true, 337], "W1c": [true, 58], "H": [true, 88]}
passes: True -> research/comparisons/route_check_E037.json
2026-10-02T19:10:15Z E037 route_check PASS
2026-10-02T19:10:15Z E037 committed
2026-10-02T19:10:18Z pushed
2026-10-02T19:10:18Z E038 START (pessimistic 1100s)
wandb: [wandb.login()] Loaded credentials for https://api.wandb.ai from WANDB_API_KEY.
{"status": "COMPLETE", "runtime_s": 908.5, "peak_rss_gb": 6.608, "within_class": true}
wandb: sync of E038 failed (CommError); records unaffected
2026-10-02T19:27:13Z E038 END rc=0 status=COMPLETE
{"R1": [true, 168], "R2": [true, 115], "R3": [true, 52], "S1": [true, 337], "W1": [true, 58], "S1c": [true, 337], "W1c": [true, 58], "H": [true, 88]}
passes: True -> research/comparisons/route_check_E038.json
2026-10-02T19:27:15Z E038 route_check PASS
2026-10-02T19:27:15Z E038 committed
2026-10-02T19:27:17Z pushed
2026-10-02T19:27:17Z E039 START (pessimistic 60s)
wandb: [wandb.login()] Loaded credentials for https://api.wandb.ai from WANDB_API_KEY.
{"status": "COMPLETE", "runtime_s": 14.3, "peak_rss_gb": 3.408, "within_class": true}
wandb: sync of E039 failed (CommError); records unaffected
2026-10-02T19:29:17Z E039 END rc=0 status=COMPLETE
{"R1": [true, 168], "R2": [true, 115], "R3": [true, 52], "S1": [true, 337], "W1": [true, 58], "S1c": [true, 337], "W1c": [true, 58], "H": [true, 88]}
passes: True -> research/comparisons/route_check_E039.json
2026-10-02T19:29:19Z E039 route_check PASS
2026-10-02T19:29:19Z E039 committed
2026-10-02T19:29:21Z pushed
2026-10-02T19:29:21Z queue done; window ends 21:30 Europe/Amsterdam
